{
    "seed": 7114407485812634252,
    "samples": [
        {
            "data": {
                "notifier": {
                    "name": "rollbar-hs",
                    "version": "0.3.1.0"
                },
                "platform": "linux",
                "environment": "tZ{\u0002^|LLA\u0005;MLB16G\u0017\u0016\u0014",
                "body": {
                    "message": {
                        "data": [],
                        "body": "n\u001ci\u0012\u001a{Ap\u000e\u001d\n)mxq.\r]UL<xW(JbK$\u0018c"
                    }
                },
                "language": "haskell",
                "level": "critical"
            },
            "access_token": "9d"
        },
        {
            "data": {
                "notifier": {
                    "name": "rollbar-hs",
                    "version": "0.3.1.0"
                },
                "platform": "linux",
                "environment": "\u000bs_W",
                "body": {
                    "message": {
                        "data": [],
                        "body": "DL%RTxnR( wAB6\u001a\u001c"
                    }
                },
                "language": "haskell",
                "level": "error"
            },
            "access_token": "_\u0001{y"
        },
        {
            "data": {
                "notifier": {
                    "name": "rollbar-hs",
                    "version": "0.3.1.0"
                },
                "platform": "linux",
                "environment": "J?\u000f4-w0q\u001d.xssc'VbMIZ~\u001aHer",
                "body": {
                    "message": {
                        "data": [],
                        "body": ""
                    }
                },
                "language": "haskell",
                "level": "critical"
            },
            "access_token": "G|z?="
        },
        {
            "data": {
                "notifier": {
                    "name": "rollbar-hs",
                    "version": "0.3.1.0"
                },
                "platform": "linux",
                "environment": "SXK7k;>",
                "body": {
                    "message": {
                        "data": [],
                        "body": "PkS{$2\u001ej7"
                    }
                },
                "language": "haskell",
                "level": "error"
            },
            "access_token": "r<cbYy\u0010G%\u0018C\u000e;YE#I\"\u001e\u000fD/\u0000k/\u001eN"
        },
        {
            "data": {
                "notifier": {
                    "name": "rollbar-hs",
                    "version": "0.3.1.0"
                },
                "platform": "linux",
                "environment": "i^",
                "body": {
                    "message": {
                        "data": [],
                        "body": "F[n"
                    }
                },
                "language": "haskell",
                "level": "info"
            },
            "access_token": ""
        }
    ]
}